0 verbose cli /usr/bin/node /usr/bin/npm
1 info using npm@10.8.2
2 info using node@v20.19.2
3 silly config load:file:/usr/lib/node_modules/npm/npmrc
4 silly config load:file:/home/bmorales/simulacion-routing/.npmrc
5 silly config load:file:/home/bmorales/.npmrc
6 silly config load:file:/usr/etc/npmrc
7 verbose title npm install
8 verbose argv "install"
9 verbose logfile logs-max:10 dir:/home/bmorales/.npm/_logs/2025-07-28T13_21_36_957Z-
10 verbose logfile /home/bmorales/.npm/_logs/2025-07-28T13_21_36_957Z-debug-0.log
11 silly packumentCache heap:2103705600 maxSize:525926400 maxEntrySize:262963200
12 silly logfile start cleaning logs, removing 1 files
13 silly logfile done cleaning log files
14 silly idealTree buildDeps
15 silly reify moves {}
16 verbose reify failed optional dependency /home/bmorales/simulacion-routing/node_modules/@tailwindcss/oxide-wasm32-wasi
17 silly reify mark deleted [
17 silly reify   '/home/bmorales/simulacion-routing/node_modules/@tailwindcss/oxide-wasm32-wasi'
17 silly reify ]
18 silly audit bulk request {
18 silly audit   '@alloc/quick-lru': [ '5.2.0' ],
18 silly audit   '@ampproject/remapping': [ '2.3.0' ],
18 silly audit   '@emnapi/core': [ '1.4.3' ],
18 silly audit   '@emnapi/runtime': [ '1.4.3' ],
18 silly audit   '@emnapi/wasi-threads': [ '1.0.2' ],
18 silly audit   '@eslint-community/eslint-utils': [ '4.7.0' ],
18 silly audit   'eslint-visitor-keys': [ '3.4.3', '4.2.0' ],
18 silly audit   '@eslint-community/regexpp': [ '4.12.1' ],
18 silly audit   '@eslint/config-array': [ '0.20.0' ],
18 silly audit   '@eslint/config-helpers': [ '0.2.2' ],
18 silly audit   '@eslint/core': [ '0.14.0' ],
18 silly audit   '@eslint/eslintrc': [ '3.3.1' ],
18 silly audit   '@eslint/js': [ '9.27.0' ],
18 silly audit   '@eslint/object-schema': [ '2.1.6' ],
18 silly audit   '@eslint/plugin-kit': [ '0.3.1' ],
18 silly audit   '@humanfs/core': [ '0.19.1' ],
18 silly audit   '@humanfs/node': [ '0.16.6' ],
18 silly audit   '@humanwhocodes/retry': [ '0.3.1', '0.4.3' ],
18 silly audit   '@humanwhocodes/module-importer': [ '1.0.1' ],
18 silly audit   '@img/sharp-darwin-arm64': [ '0.34.2' ],
18 silly audit   '@img/sharp-darwin-x64': [ '0.34.2' ],
18 silly audit   '@img/sharp-libvips-darwin-arm64': [ '1.1.0' ],
18 silly audit   '@img/sharp-libvips-darwin-x64': [ '1.1.0' ],
18 silly audit   '@img/sharp-libvips-linux-arm': [ '1.1.0' ],
18 silly audit   '@img/sharp-libvips-linux-arm64': [ '1.1.0' ],
18 silly audit   '@img/sharp-libvips-linux-ppc64': [ '1.1.0' ],
18 silly audit   '@img/sharp-libvips-linux-s390x': [ '1.1.0' ],
18 silly audit   '@img/sharp-libvips-linux-x64': [ '1.1.0' ],
18 silly audit   '@img/sharp-libvips-linuxmusl-arm64': [ '1.1.0' ],
18 silly audit   '@img/sharp-libvips-linuxmusl-x64': [ '1.1.0' ],
18 silly audit   '@img/sharp-linux-arm': [ '0.34.2' ],
18 silly audit   '@img/sharp-linux-arm64': [ '0.34.2' ],
18 silly audit   '@img/sharp-linux-s390x': [ '0.34.2' ],
18 silly audit   '@img/sharp-linux-x64': [ '0.34.2' ],
18 silly audit   '@img/sharp-linuxmusl-arm64': [ '0.34.2' ],
18 silly audit   '@img/sharp-linuxmusl-x64': [ '0.34.2' ],
18 silly audit   '@img/sharp-wasm32': [ '0.34.2' ],
18 silly audit   '@img/sharp-win32-arm64': [ '0.34.2' ],
18 silly audit   '@img/sharp-win32-ia32': [ '0.34.2' ],
18 silly audit   '@img/sharp-win32-x64': [ '0.34.2' ],
18 silly audit   '@isaacs/fs-minipass': [ '4.0.1' ],
18 silly audit   '@jridgewell/gen-mapping': [ '0.3.8' ],
18 silly audit   '@jridgewell/resolve-uri': [ '3.1.2' ],
18 silly audit   '@jridgewell/set-array': [ '1.2.1' ],
18 silly audit   '@jridgewell/sourcemap-codec': [ '1.5.0' ],
18 silly audit   '@jridgewell/trace-mapping': [ '0.3.25' ],
18 silly audit   '@napi-rs/wasm-runtime': [ '0.2.10' ],
18 silly audit   '@next/env': [ '15.3.2' ],
18 silly audit   '@next/eslint-plugin-next': [ '15.3.2' ],
18 silly audit   '@next/swc-darwin-arm64': [ '15.3.2' ],
18 silly audit   '@next/swc-darwin-x64': [ '15.3.2' ],
18 silly audit   '@next/swc-linux-arm64-gnu': [ '15.3.2' ],
18 silly audit   '@next/swc-linux-arm64-musl': [ '15.3.2' ],
18 silly audit   '@next/swc-linux-x64-gnu': [ '15.3.2' ],
18 silly audit   '@next/swc-linux-x64-musl': [ '15.3.2' ],
18 silly audit   '@next/swc-win32-arm64-msvc': [ '15.3.2' ],
18 silly audit   '@next/swc-win32-x64-msvc': [ '15.3.2' ],
18 silly audit   '@nodelib/fs.scandir': [ '2.1.5' ],
18 silly audit   '@nodelib/fs.stat': [ '2.0.5' ],
18 silly audit   '@nodelib/fs.walk': [ '1.2.8' ],
18 silly audit   '@nolyfill/is-core-module': [ '1.0.39' ],
18 silly audit   '@rtsao/scc': [ '1.1.0' ],
18 silly audit   '@rushstack/eslint-patch': [ '1.11.0' ],
18 silly audit   '@stomp/stompjs': [ '7.1.1' ],
18 silly audit   '@swc/counter': [ '0.1.3' ],
18 silly audit   '@swc/helpers': [ '0.5.15' ],
18 silly audit   '@tailwindcss/node': [ '4.1.8' ],
18 silly audit   '@tailwindcss/oxide': [ '4.1.8' ],
18 silly audit   '@tailwindcss/oxide-android-arm64': [ '4.1.8' ],
18 silly audit   '@tailwindcss/oxide-darwin-arm64': [ '4.1.8' ],
18 silly audit   '@tailwindcss/oxide-darwin-x64': [ '4.1.8' ],
18 silly audit   '@tailwindcss/oxide-freebsd-x64': [ '4.1.8' ],
18 silly audit   '@tailwindcss/oxide-linux-arm-gnueabihf': [ '4.1.8' ],
18 silly audit   '@tailwindcss/oxide-linux-arm64-gnu': [ '4.1.8' ],
18 silly audit   '@tailwindcss/oxide-linux-arm64-musl': [ '4.1.8' ],
18 silly audit   '@tailwindcss/oxide-linux-x64-gnu': [ '4.1.8' ],
18 silly audit   '@tailwindcss/oxide-linux-x64-musl': [ '4.1.8' ],
18 silly audit   '@tailwindcss/oxide-win32-arm64-msvc': [ '4.1.8' ],
18 silly audit   '@tailwindcss/oxide-win32-x64-msvc': [ '4.1.8' ],
18 silly audit   '@tailwindcss/postcss': [ '4.1.8' ],
18 silly audit   '@tybys/wasm-util': [ '0.9.0' ],
18 silly audit   '@types/estree': [ '1.0.7' ],
18 silly audit   '@types/json-schema': [ '7.0.15' ],
18 silly audit   '@types/json5': [ '0.0.29' ],
18 silly audit   '@types/node': [ '20.17.52' ],
18 silly audit   '@types/react': [ '19.1.6' ],
18 silly audit   '@types/react-dom': [ '19.1.5' ],
18 silly audit   '@types/sockjs-client': [ '1.5.4' ],
18 silly audit   '@typescript-eslint/eslint-plugin': [ '8.33.0' ],
18 silly audit   ignore: [ '7.0.4', '5.3.2' ],
18 silly audit   '@typescript-eslint/parser': [ '8.33.0' ],
18 silly audit   '@typescript-eslint/project-service': [ '8.33.0' ],
18 silly audit   '@typescript-eslint/scope-manager': [ '8.33.0' ],
18 silly audit   '@typescript-eslint/tsconfig-utils': [ '8.33.0' ],
18 silly audit   '@typescript-eslint/type-utils': [ '8.33.0' ],
18 silly audit   '@typescript-eslint/types': [ '8.33.0' ],
18 silly audit   '@typescript-eslint/typescript-estree': [ '8.33.0' ],
18 silly audit   'brace-expansion': [ '2.0.1', '1.1.11' ],
18 silly audit   'fast-glob': [ '3.3.3', '3.3.1' ],
18 silly audit   'glob-parent': [ '5.1.2', '6.0.2' ],
18 silly audit   minimatch: [ '9.0.5', '3.1.2' ],
18 silly audit   '@typescript-eslint/utils': [ '8.33.0' ],
18 silly audit   '@typescript-eslint/visitor-keys': [ '8.33.0' ],
18 silly audit   '@unrs/resolver-binding-darwin-arm64': [ '1.7.6' ],
18 silly audit   '@unrs/resolver-binding-darwin-x64': [ '1.7.6' ],
18 silly audit   '@unrs/resolver-binding-freebsd-x64': [ '1.7.6' ],
18 silly audit   '@unrs/resolver-binding-linux-arm-gnueabihf': [ '1.7.6' ],
18 silly audit   '@unrs/resolver-binding-linux-arm-musleabihf': [ '1.7.6' ],
18 silly audit   '@unrs/resolver-binding-linux-arm64-gnu': [ '1.7.6' ],
18 silly audit   '@unrs/resolver-binding-linux-arm64-musl': [ '1.7.6' ],
18 silly audit   '@unrs/resolver-binding-linux-ppc64-gnu': [ '1.7.6' ],
18 silly audit   '@unrs/resolver-binding-linux-riscv64-gnu': [ '1.7.6' ],
18 silly audit   '@unrs/resolver-binding-linux-riscv64-musl': [ '1.7.6' ],
18 silly audit   '@unrs/resolver-binding-linux-s390x-gnu': [ '1.7.6' ],
18 silly audit   '@unrs/resolver-binding-linux-x64-gnu': [ '1.7.6' ],
18 silly audit   '@unrs/resolver-binding-linux-x64-musl': [ '1.7.6' ],
18 silly audit   '@unrs/resolver-binding-wasm32-wasi': [ '1.7.6' ],
18 silly audit   '@unrs/resolver-binding-win32-arm64-msvc': [ '1.7.6' ],
18 silly audit   '@unrs/resolver-binding-win32-ia32-msvc': [ '1.7.6' ],
18 silly audit   '@unrs/resolver-binding-win32-x64-msvc': [ '1.7.6' ],
18 silly audit   acorn: [ '8.14.1' ],
18 silly audit   'acorn-jsx': [ '5.3.2' ],
18 silly audit   ajv: [ '6.12.6' ],
18 silly audit   'ansi-styles': [ '4.3.0' ],
18 silly audit   argparse: [ '2.0.1' ],
18 silly audit   'aria-query': [ '5.3.2' ],
18 silly audit   'array-buffer-byte-length': [ '1.0.2' ],
18 silly audit   'array-includes': [ '3.1.8' ],
18 silly audit   'array.prototype.findlast': [ '1.2.5' ],
18 silly audit   'array.prototype.findlastindex': [ '1.2.6' ],
18 silly audit   'array.prototype.flat': [ '1.3.3' ],
18 silly audit   'array.prototype.flatmap': [ '1.3.3' ],
18 silly audit   'array.prototype.tosorted': [ '1.1.4' ],
18 silly audit   'arraybuffer.prototype.slice': [ '1.0.4' ],
18 silly audit   'ast-types-flow': [ '0.0.8' ],
18 silly audit   'async-function': [ '1.0.0' ],
18 silly audit   asynckit: [ '0.4.0' ],
18 silly audit   'available-typed-arrays': [ '1.0.7' ],
18 silly audit   'axe-core': [ '4.10.3' ],
18 silly audit   axios: [ '1.11.0' ],
18 silly audit   'axobject-query': [ '4.1.0' ],
18 silly audit   'balanced-match': [ '1.0.2' ],
18 silly audit   braces: [ '3.0.3' ],
18 silly audit   busboy: [ '1.6.0' ],
18 silly audit   'call-bind': [ '1.0.8' ],
18 silly audit   'call-bind-apply-helpers': [ '1.0.2' ],
18 silly audit   'call-bound': [ '1.0.4' ],
18 silly audit   callsites: [ '3.1.0' ],
18 silly audit   'caniuse-lite': [ '1.0.30001718' ],
18 silly audit   chalk: [ '4.1.2' ],
18 silly audit   chownr: [ '3.0.0' ],
18 silly audit   'client-only': [ '0.0.1' ],
18 silly audit   color: [ '4.2.3' ],
18 silly audit   'color-convert': [ '2.0.1' ],
18 silly audit   'color-name': [ '1.1.4' ],
18 silly audit   'color-string': [ '1.9.1' ],
18 silly audit   'combined-stream': [ '1.0.8' ],
18 silly audit   'concat-map': [ '0.0.1' ],
18 silly audit   'cross-spawn': [ '7.0.6' ],
18 silly audit   csstype: [ '3.1.3' ],
18 silly audit   'damerau-levenshtein': [ '1.0.8' ],
18 silly audit   'data-view-buffer': [ '1.0.2' ],
18 silly audit   'data-view-byte-length': [ '1.0.2' ],
18 silly audit   'data-view-byte-offset': [ '1.0.1' ],
18 silly audit   debug: [ '4.4.1', '3.2.7' ],
18 silly audit   'deep-is': [ '0.1.4' ],
18 silly audit   'define-data-property': [ '1.1.4' ],
18 silly audit   'define-properties': [ '1.2.1' ],
18 silly audit   'delayed-stream': [ '1.0.0' ],
18 silly audit   'detect-libc': [ '2.0.4' ],
18 silly audit   doctrine: [ '2.1.0' ],
18 silly audit   'dunder-proto': [ '1.0.1' ],
18 silly audit   'emoji-regex': [ '9.2.2' ],
18 silly audit   'enhanced-resolve': [ '5.18.1' ],
18 silly audit   'es-abstract': [ '1.23.10' ],
18 silly audit   'es-define-property': [ '1.0.1' ],
18 silly audit   'es-errors': [ '1.3.0' ],
18 silly audit   'es-iterator-helpers': [ '1.2.1' ],
18 silly audit   'es-object-atoms': [ '1.1.1' ],
18 silly audit   'es-set-tostringtag': [ '2.1.0' ],
18 silly audit   'es-shim-unscopables': [ '1.1.0' ],
18 silly audit   'es-to-primitive': [ '1.3.0' ],
18 silly audit   'escape-string-regexp': [ '4.0.0' ],
18 silly audit   eslint: [ '9.27.0' ],
18 silly audit   'eslint-config-next': [ '15.3.2' ],
18 silly audit   'eslint-import-resolver-node': [ '0.3.9' ],
18 silly audit   'eslint-import-resolver-typescript': [ '3.10.1' ],
18 silly audit   'eslint-module-utils': [ '2.12.0' ],
18 silly audit   'eslint-plugin-import': [ '2.31.0' ],
18 silly audit   semver: [ '6.3.1', '7.7.2' ],
18 silly audit   'eslint-plugin-jsx-a11y': [ '6.10.2' ],
18 silly audit   'eslint-plugin-react': [ '7.37.5' ],
18 silly audit   'eslint-plugin-react-hooks': [ '5.2.0' ],
18 silly audit   resolve: [ '2.0.0-next.5', '1.22.10' ],
18 silly audit   'eslint-scope': [ '8.3.0' ],
18 silly audit   espree: [ '10.3.0' ],
18 silly audit   esquery: [ '1.6.0' ],
18 silly audit   esrecurse: [ '4.3.0' ],
18 silly audit   estraverse: [ '5.3.0' ],
18 silly audit   esutils: [ '2.0.3' ],
18 silly audit   eventsource: [ '2.0.2' ],
18 silly audit   'fast-deep-equal': [ '3.1.3' ],
18 silly audit   'fast-json-stable-stringify': [ '2.1.0' ],
18 silly audit   'fast-levenshtein': [ '2.0.6' ],
18 silly audit   fastq: [ '1.19.1' ],
18 silly audit   'faye-websocket': [ '0.11.4' ],
18 silly audit   'file-entry-cache': [ '8.0.0' ],
18 silly audit   'fill-range': [ '7.1.1' ],
18 silly audit   'find-up': [ '5.0.0' ],
18 silly audit   'flat-cache': [ '4.0.1' ],
18 silly audit   flatted: [ '3.3.3' ],
18 silly audit   'follow-redirects': [ '1.15.9' ],
18 silly audit   'for-each': [ '0.3.5' ],
18 silly audit   'form-data': [ '4.0.4' ],
18 silly audit   'function-bind': [ '1.1.2' ],
18 silly audit   'function.prototype.name': [ '1.1.8' ],
18 silly audit   'functions-have-names': [ '1.2.3' ],
18 silly audit   'get-intrinsic': [ '1.3.0' ],
18 silly audit   'get-proto': [ '1.0.1' ],
18 silly audit   'get-symbol-description': [ '1.1.0' ],
18 silly audit   'get-tsconfig': [ '4.10.1' ],
18 silly audit   globals: [ '14.0.0' ],
18 silly audit   globalthis: [ '1.0.4' ],
18 silly audit   gopd: [ '1.2.0' ],
18 silly audit   'graceful-fs': [ '4.2.11' ],
18 silly audit   graphemer: [ '1.4.0' ],
18 silly audit   'has-bigints': [ '1.1.0' ],
18 silly audit   'has-flag': [ '4.0.0' ],
18 silly audit   'has-property-descriptors': [ '1.0.2' ],
18 silly audit   'has-proto': [ '1.2.0' ],
18 silly audit   'has-symbols': [ '1.1.0' ],
18 silly audit   'has-tostringtag': [ '1.0.2' ],
18 silly audit   hasown: [ '2.0.2' ],
18 silly audit   'http-parser-js': [ '0.5.10' ],
18 silly audit   'import-fresh': [ '3.3.1' ],
18 silly audit   imurmurhash: [ '0.1.4' ],
18 silly audit   inherits: [ '2.0.4' ],
18 silly audit   'internal-slot': [ '1.1.0' ],
18 silly audit   'is-array-buffer': [ '3.0.5' ],
18 silly audit   'is-arrayish': [ '0.3.2' ],
18 silly audit   'is-async-function': [ '2.1.1' ],
18 silly audit   'is-bigint': [ '1.1.0' ],
18 silly audit   'is-boolean-object': [ '1.2.2' ],
18 silly audit   'is-bun-module': [ '2.0.0' ],
18 silly audit   'is-callable': [ '1.2.7' ],
18 silly audit   'is-core-module': [ '2.16.1' ],
18 silly audit   'is-data-view': [ '1.0.2' ],
18 silly audit   'is-date-object': [ '1.1.0' ],
18 silly audit   'is-extglob': [ '2.1.1' ],
18 silly audit   'is-finalizationregistry': [ '1.1.1' ],
18 silly audit   'is-generator-function': [ '1.1.0' ],
18 silly audit   'is-glob': [ '4.0.3' ],
18 silly audit   'is-map': [ '2.0.3' ],
18 silly audit   'is-number': [ '7.0.0' ],
18 silly audit   'is-number-object': [ '1.1.1' ],
18 silly audit   'is-regex': [ '1.2.1' ],
18 silly audit   'is-set': [ '2.0.3' ],
18 silly audit   'is-shared-array-buffer': [ '1.0.4' ],
18 silly audit   'is-string': [ '1.1.1' ],
18 silly audit   'is-symbol': [ '1.1.1' ],
18 silly audit   'is-typed-array': [ '1.1.15' ],
18 silly audit   'is-weakmap': [ '2.0.2' ],
18 silly audit   'is-weakref': [ '1.1.1' ],
18 silly audit   'is-weakset': [ '2.0.4' ],
18 silly audit   isarray: [ '2.0.5' ],
18 silly audit   isexe: [ '2.0.0' ],
18 silly audit   'iterator.prototype': [ '1.1.5' ],
18 silly audit   jiti: [ '2.4.2' ],
18 silly audit   'js-tokens': [ '4.0.0' ],
18 silly audit   'js-yaml': [ '4.1.0' ],
18 silly audit   'json-buffer': [ '3.0.1' ],
18 silly audit   'json-schema-traverse': [ '0.4.1' ],
18 silly audit   'json-stable-stringify-without-jsonify': [ '1.0.1' ],
18 silly audit   json5: [ '1.0.2' ],
18 silly audit   'jsx-ast-utils': [ '3.3.5' ],
18 silly audit   keyv: [ '4.5.4' ],
18 silly audit   'language-subtag-registry': [ '0.3.23' ],
18 silly audit   'language-tags': [ '1.0.9' ],
18 silly audit   levn: [ '0.4.1' ],
18 silly audit   lightningcss: [ '1.30.1' ],
18 silly audit   'lightningcss-darwin-arm64': [ '1.30.1' ],
18 silly audit   'lightningcss-darwin-x64': [ '1.30.1' ],
18 silly audit   'lightningcss-freebsd-x64': [ '1.30.1' ],
18 silly audit   'lightningcss-linux-arm-gnueabihf': [ '1.30.1' ],
18 silly audit   'lightningcss-linux-arm64-gnu': [ '1.30.1' ],
18 silly audit   'lightningcss-linux-arm64-musl': [ '1.30.1' ],
18 silly audit   'lightningcss-linux-x64-gnu': [ '1.30.1' ],
18 silly audit   'lightningcss-linux-x64-musl': [ '1.30.1' ],
18 silly audit   'lightningcss-win32-arm64-msvc': [ '1.30.1' ],
18 silly audit   'lightningcss-win32-x64-msvc': [ '1.30.1' ],
18 silly audit   'locate-path': [ '6.0.0' ],
18 silly audit   'lodash.merge': [ '4.6.2' ],
18 silly audit   'loose-envify': [ '1.4.0' ],
18 silly audit   'magic-string': [ '0.30.17' ],
18 silly audit   'math-intrinsics': [ '1.1.0' ],
18 silly audit   merge2: [ '1.4.1' ],
18 silly audit   micromatch: [ '4.0.8' ],
18 silly audit   'mime-db': [ '1.52.0' ],
18 silly audit   'mime-types': [ '2.1.35' ],
18 silly audit   minimist: [ '1.2.8' ],
18 silly audit   minipass: [ '7.1.2' ],
18 silly audit   minizlib: [ '3.0.2' ],
18 silly audit   mkdirp: [ '3.0.1' ],
18 silly audit   ms: [ '2.1.3' ],
18 silly audit   nanoid: [ '3.3.11' ],
18 silly audit   'napi-postinstall': [ '0.2.4' ],
18 silly audit   'natural-compare': [ '1.4.0' ],
18 silly audit   next: [ '15.3.2' ],
18 silly audit   postcss: [ '8.4.31', '8.5.3' ],
18 silly audit   'object-assign': [ '4.1.1' ],
18 silly audit   'object-inspect': [ '1.13.4' ],
18 silly audit   'object-keys': [ '1.1.1' ],
18 silly audit   'object.assign': [ '4.1.7' ],
18 silly audit   'object.entries': [ '1.1.9' ],
18 silly audit   'object.fromentries': [ '2.0.8' ],
18 silly audit   'object.groupby': [ '1.0.3' ],
18 silly audit   'object.values': [ '1.2.1' ],
18 silly audit   optionator: [ '0.9.4' ],
18 silly audit   'own-keys': [ '1.0.1' ],
18 silly audit   'p-limit': [ '3.1.0' ],
18 silly audit   'p-locate': [ '5.0.0' ],
18 silly audit   'parent-module': [ '1.0.1' ],
18 silly audit   'path-exists': [ '4.0.0' ],
18 silly audit   'path-key': [ '3.1.1' ],
18 silly audit   'path-parse': [ '1.0.7' ],
18 silly audit   picocolors: [ '1.1.1' ],
18 silly audit   picomatch: [ '2.3.1', '4.0.2' ],
18 silly audit   'possible-typed-array-names': [ '1.1.0' ],
18 silly audit   'prelude-ls': [ '1.2.1' ],
18 silly audit   'prop-types': [ '15.8.1' ],
18 silly audit   'proxy-from-env': [ '1.1.0' ],
18 silly audit   punycode: [ '2.3.1' ],
18 silly audit   querystringify: [ '2.2.0' ],
18 silly audit   'queue-microtask': [ '1.2.3' ],
18 silly audit   react: [ '19.1.0' ],
18 silly audit   'react-dom': [ '19.1.0' ],
18 silly audit   'react-icons': [ '5.5.0' ],
18 silly audit   'react-is': [ '16.13.1' ],
18 silly audit   'reflect.getprototypeof': [ '1.0.10' ],
18 silly audit   'regexp.prototype.flags': [ '1.5.4' ],
18 silly audit   'requires-port': [ '1.0.0' ],
18 silly audit   'resolve-from': [ '4.0.0' ],
18 silly audit   'resolve-pkg-maps': [ '1.0.0' ],
18 silly audit   reusify: [ '1.1.0' ],
18 silly audit   'run-parallel': [ '1.2.0' ],
18 silly audit   'safe-array-concat': [ '1.1.3' ],
18 silly audit   'safe-buffer': [ '5.2.1' ],
18 silly audit   'safe-push-apply': [ '1.0.0' ],
18 silly audit   'safe-regex-test': [ '1.1.0' ],
18 silly audit   scheduler: [ '0.26.0' ],
18 silly audit   'set-function-length': [ '1.2.2' ],
18 silly audit   'set-function-name': [ '2.0.2' ],
18 silly audit   'set-proto': [ '1.0.0' ],
18 silly audit   sharp: [ '0.34.2' ],
18 silly audit   'shebang-command': [ '2.0.0' ],
18 silly audit   'shebang-regex': [ '3.0.0' ],
18 silly audit   'side-channel': [ '1.1.0' ],
18 silly audit   'side-channel-list': [ '1.0.0' ],
18 silly audit   'side-channel-map': [ '1.0.1' ],
18 silly audit   'side-channel-weakmap': [ '1.0.2' ],
18 silly audit   'simple-swizzle': [ '0.2.2' ],
18 silly audit   'sockjs-client': [ '1.6.1' ],
18 silly audit   'source-map-js': [ '1.2.1' ],
18 silly audit   'stable-hash': [ '0.0.5' ],
18 silly audit   streamsearch: [ '1.1.0' ],
18 silly audit   'string.prototype.includes': [ '2.0.1' ],
18 silly audit   'string.prototype.matchall': [ '4.0.12' ],
18 silly audit   'string.prototype.repeat': [ '1.0.0' ],
18 silly audit   'string.prototype.trim': [ '1.2.10' ],
18 silly audit   'string.prototype.trimend': [ '1.0.9' ],
18 silly audit   'string.prototype.trimstart': [ '1.0.8' ],
18 silly audit   'strip-bom': [ '3.0.0' ],
18 silly audit   'strip-json-comments': [ '3.1.1' ],
18 silly audit   'styled-jsx': [ '5.1.6' ],
18 silly audit   'supports-color': [ '7.2.0' ],
18 silly audit   'supports-preserve-symlinks-flag': [ '1.0.0' ],
18 silly audit   tailwindcss: [ '4.1.8' ],
18 silly audit   tapable: [ '2.2.2' ],
18 silly audit   tar: [ '7.4.3' ],
18 silly audit   tinyglobby: [ '0.2.14' ],
18 silly audit   fdir: [ '6.4.5' ],
18 silly audit   'to-regex-range': [ '5.0.1' ],
18 silly audit   'ts-api-utils': [ '2.1.0' ],
18 silly audit   'tsconfig-paths': [ '3.15.0' ],
18 silly audit   tslib: [ '2.8.1' ],
18 silly audit   'type-check': [ '0.4.0' ],
18 silly audit   'typed-array-buffer': [ '1.0.3' ],
18 silly audit   'typed-array-byte-length': [ '1.0.3' ],
18 silly audit   'typed-array-byte-offset': [ '1.0.4' ],
18 silly audit   'typed-array-length': [ '1.0.7' ],
18 silly audit   typescript: [ '5.8.3' ],
18 silly audit   'unbox-primitive': [ '1.1.0' ],
18 silly audit   'undici-types': [ '6.19.8' ],
18 silly audit   'unrs-resolver': [ '1.7.6' ],
18 silly audit   'uri-js': [ '4.4.1' ],
18 silly audit   'url-parse': [ '1.5.10' ],
18 silly audit   'websocket-driver': [ '0.7.4' ],
18 silly audit   'websocket-extensions': [ '0.1.4' ],
18 silly audit   which: [ '2.0.2' ],
18 silly audit   'which-boxed-primitive': [ '1.1.1' ],
18 silly audit   'which-builtin-type': [ '1.2.1' ],
18 silly audit   'which-collection': [ '1.0.2' ],
18 silly audit   'which-typed-array': [ '1.1.19' ],
18 silly audit   'word-wrap': [ '1.2.5' ],
18 silly audit   yallist: [ '5.0.0' ],
18 silly audit   'yocto-queue': [ '0.1.0' ],
18 silly audit   '@tailwindcss/oxide-wasm32-wasi': [ '4.1.8' ]
18 silly audit }
19 verbose reify failed optional dependency /home/bmorales/simulacion-routing/node_modules/lightningcss-win32-x64-msvc
20 silly reify mark deleted [
20 silly reify   '/home/bmorales/simulacion-routing/node_modules/lightningcss-win32-x64-msvc'
20 silly reify ]
21 verbose reify failed optional dependency /home/bmorales/simulacion-routing/node_modules/lightningcss-win32-arm64-msvc
22 silly reify mark deleted [
22 silly reify   '/home/bmorales/simulacion-routing/node_modules/lightningcss-win32-arm64-msvc'
22 silly reify ]
23 verbose reify failed optional dependency /home/bmorales/simulacion-routing/node_modules/lightningcss-linux-arm64-musl
24 silly reify mark deleted [
24 silly reify   '/home/bmorales/simulacion-routing/node_modules/lightningcss-linux-arm64-musl'
24 silly reify ]
25 verbose reify failed optional dependency /home/bmorales/simulacion-routing/node_modules/lightningcss-linux-arm64-gnu
26 silly reify mark deleted [
26 silly reify   '/home/bmorales/simulacion-routing/node_modules/lightningcss-linux-arm64-gnu'
26 silly reify ]
27 verbose reify failed optional dependency /home/bmorales/simulacion-routing/node_modules/lightningcss-linux-arm-gnueabihf
28 silly reify mark deleted [
28 silly reify   '/home/bmorales/simulacion-routing/node_modules/lightningcss-linux-arm-gnueabihf'
28 silly reify ]
29 verbose reify failed optional dependency /home/bmorales/simulacion-routing/node_modules/lightningcss-freebsd-x64
30 silly reify mark deleted [
30 silly reify   '/home/bmorales/simulacion-routing/node_modules/lightningcss-freebsd-x64'
30 silly reify ]
31 verbose reify failed optional dependency /home/bmorales/simulacion-routing/node_modules/lightningcss-darwin-x64
32 silly reify mark deleted [
32 silly reify   '/home/bmorales/simulacion-routing/node_modules/lightningcss-darwin-x64'
32 silly reify ]
33 verbose reify failed optional dependency /home/bmorales/simulacion-routing/node_modules/lightningcss-darwin-arm64
34 silly reify mark deleted [
34 silly reify   '/home/bmorales/simulacion-routing/node_modules/lightningcss-darwin-arm64'
34 silly reify ]
35 verbose reify failed optional dependency /home/bmorales/simulacion-routing/node_modules/@unrs/resolver-binding-win32-x64-msvc
36 silly reify mark deleted [
36 silly reify   '/home/bmorales/simulacion-routing/node_modules/@unrs/resolver-binding-win32-x64-msvc'
36 silly reify ]
37 verbose reify failed optional dependency /home/bmorales/simulacion-routing/node_modules/@unrs/resolver-binding-win32-ia32-msvc
38 silly reify mark deleted [
38 silly reify   '/home/bmorales/simulacion-routing/node_modules/@unrs/resolver-binding-win32-ia32-msvc'
38 silly reify ]
39 verbose reify failed optional dependency /home/bmorales/simulacion-routing/node_modules/@unrs/resolver-binding-win32-arm64-msvc
40 silly reify mark deleted [
40 silly reify   '/home/bmorales/simulacion-routing/node_modules/@unrs/resolver-binding-win32-arm64-msvc'
40 silly reify ]
41 verbose reify failed optional dependency /home/bmorales/simulacion-routing/node_modules/@unrs/resolver-binding-wasm32-wasi
42 silly reify mark deleted [
42 silly reify   '/home/bmorales/simulacion-routing/node_modules/@unrs/resolver-binding-wasm32-wasi'
42 silly reify ]
43 verbose reify failed optional dependency /home/bmorales/simulacion-routing/node_modules/@unrs/resolver-binding-linux-s390x-gnu
44 silly reify mark deleted [
44 silly reify   '/home/bmorales/simulacion-routing/node_modules/@unrs/resolver-binding-linux-s390x-gnu'
44 silly reify ]
45 verbose reify failed optional dependency /home/bmorales/simulacion-routing/node_modules/@unrs/resolver-binding-linux-riscv64-musl
46 silly reify mark deleted [
46 silly reify   '/home/bmorales/simulacion-routing/node_modules/@unrs/resolver-binding-linux-riscv64-musl'
46 silly reify ]
47 verbose reify failed optional dependency /home/bmorales/simulacion-routing/node_modules/@unrs/resolver-binding-linux-riscv64-gnu
48 silly reify mark deleted [
48 silly reify   '/home/bmorales/simulacion-routing/node_modules/@unrs/resolver-binding-linux-riscv64-gnu'
48 silly reify ]
49 verbose reify failed optional dependency /home/bmorales/simulacion-routing/node_modules/@unrs/resolver-binding-linux-ppc64-gnu
50 silly reify mark deleted [
50 silly reify   '/home/bmorales/simulacion-routing/node_modules/@unrs/resolver-binding-linux-ppc64-gnu'
50 silly reify ]
51 verbose reify failed optional dependency /home/bmorales/simulacion-routing/node_modules/@unrs/resolver-binding-linux-arm64-musl
52 silly reify mark deleted [
52 silly reify   '/home/bmorales/simulacion-routing/node_modules/@unrs/resolver-binding-linux-arm64-musl'
52 silly reify ]
53 verbose reify failed optional dependency /home/bmorales/simulacion-routing/node_modules/@unrs/resolver-binding-linux-arm64-gnu
54 silly reify mark deleted [
54 silly reify   '/home/bmorales/simulacion-routing/node_modules/@unrs/resolver-binding-linux-arm64-gnu'
54 silly reify ]
55 verbose reify failed optional dependency /home/bmorales/simulacion-routing/node_modules/@unrs/resolver-binding-linux-arm-musleabihf
56 silly reify mark deleted [
56 silly reify   '/home/bmorales/simulacion-routing/node_modules/@unrs/resolver-binding-linux-arm-musleabihf'
56 silly reify ]
57 verbose reify failed optional dependency /home/bmorales/simulacion-routing/node_modules/@unrs/resolver-binding-linux-arm-gnueabihf
58 silly reify mark deleted [
58 silly reify   '/home/bmorales/simulacion-routing/node_modules/@unrs/resolver-binding-linux-arm-gnueabihf'
58 silly reify ]
59 verbose reify failed optional dependency /home/bmorales/simulacion-routing/node_modules/@unrs/resolver-binding-freebsd-x64
60 silly reify mark deleted [
60 silly reify   '/home/bmorales/simulacion-routing/node_modules/@unrs/resolver-binding-freebsd-x64'
60 silly reify ]
61 verbose reify failed optional dependency /home/bmorales/simulacion-routing/node_modules/@unrs/resolver-binding-darwin-x64
62 silly reify mark deleted [
62 silly reify   '/home/bmorales/simulacion-routing/node_modules/@unrs/resolver-binding-darwin-x64'
62 silly reify ]
63 verbose reify failed optional dependency /home/bmorales/simulacion-routing/node_modules/@unrs/resolver-binding-darwin-arm64
64 silly reify mark deleted [
64 silly reify   '/home/bmorales/simulacion-routing/node_modules/@unrs/resolver-binding-darwin-arm64'
64 silly reify ]
65 verbose reify failed optional dependency /home/bmorales/simulacion-routing/node_modules/@tailwindcss/oxide-win32-x64-msvc
66 silly reify mark deleted [
66 silly reify   '/home/bmorales/simulacion-routing/node_modules/@tailwindcss/oxide-win32-x64-msvc'
66 silly reify ]
67 verbose reify failed optional dependency /home/bmorales/simulacion-routing/node_modules/@tailwindcss/oxide-win32-arm64-msvc
68 silly reify mark deleted [
68 silly reify   '/home/bmorales/simulacion-routing/node_modules/@tailwindcss/oxide-win32-arm64-msvc'
68 silly reify ]
69 verbose reify failed optional dependency /home/bmorales/simulacion-routing/node_modules/@tailwindcss/oxide-linux-arm64-musl
70 silly reify mark deleted [
70 silly reify   '/home/bmorales/simulacion-routing/node_modules/@tailwindcss/oxide-linux-arm64-musl'
70 silly reify ]
71 verbose reify failed optional dependency /home/bmorales/simulacion-routing/node_modules/@tailwindcss/oxide-linux-arm64-gnu
72 silly reify mark deleted [
72 silly reify   '/home/bmorales/simulacion-routing/node_modules/@tailwindcss/oxide-linux-arm64-gnu'
72 silly reify ]
73 verbose reify failed optional dependency /home/bmorales/simulacion-routing/node_modules/@tailwindcss/oxide-linux-arm-gnueabihf
74 silly reify mark deleted [
74 silly reify   '/home/bmorales/simulacion-routing/node_modules/@tailwindcss/oxide-linux-arm-gnueabihf'
74 silly reify ]
75 verbose reify failed optional dependency /home/bmorales/simulacion-routing/node_modules/@tailwindcss/oxide-freebsd-x64
76 silly reify mark deleted [
76 silly reify   '/home/bmorales/simulacion-routing/node_modules/@tailwindcss/oxide-freebsd-x64'
76 silly reify ]
77 verbose reify failed optional dependency /home/bmorales/simulacion-routing/node_modules/@tailwindcss/oxide-darwin-x64
78 silly reify mark deleted [
78 silly reify   '/home/bmorales/simulacion-routing/node_modules/@tailwindcss/oxide-darwin-x64'
78 silly reify ]
79 verbose reify failed optional dependency /home/bmorales/simulacion-routing/node_modules/@tailwindcss/oxide-darwin-arm64
80 silly reify mark deleted [
80 silly reify   '/home/bmorales/simulacion-routing/node_modules/@tailwindcss/oxide-darwin-arm64'
80 silly reify ]
81 verbose reify failed optional dependency /home/bmorales/simulacion-routing/node_modules/@tailwindcss/oxide-android-arm64
82 silly reify mark deleted [
82 silly reify   '/home/bmorales/simulacion-routing/node_modules/@tailwindcss/oxide-android-arm64'
82 silly reify ]
83 verbose reify failed optional dependency /home/bmorales/simulacion-routing/node_modules/@next/swc-win32-x64-msvc
84 silly reify mark deleted [
84 silly reify   '/home/bmorales/simulacion-routing/node_modules/@next/swc-win32-x64-msvc'
84 silly reify ]
85 verbose reify failed optional dependency /home/bmorales/simulacion-routing/node_modules/@next/swc-win32-arm64-msvc
86 silly reify mark deleted [
86 silly reify   '/home/bmorales/simulacion-routing/node_modules/@next/swc-win32-arm64-msvc'
86 silly reify ]
87 verbose reify failed optional dependency /home/bmorales/simulacion-routing/node_modules/@next/swc-linux-arm64-musl
88 silly reify mark deleted [
88 silly reify   '/home/bmorales/simulacion-routing/node_modules/@next/swc-linux-arm64-musl'
88 silly reify ]
89 verbose reify failed optional dependency /home/bmorales/simulacion-routing/node_modules/@next/swc-linux-arm64-gnu
90 silly reify mark deleted [
90 silly reify   '/home/bmorales/simulacion-routing/node_modules/@next/swc-linux-arm64-gnu'
90 silly reify ]
91 verbose reify failed optional dependency /home/bmorales/simulacion-routing/node_modules/@next/swc-darwin-x64
92 silly reify mark deleted [
92 silly reify   '/home/bmorales/simulacion-routing/node_modules/@next/swc-darwin-x64'
92 silly reify ]
93 verbose reify failed optional dependency /home/bmorales/simulacion-routing/node_modules/@next/swc-darwin-arm64
94 silly reify mark deleted [
94 silly reify   '/home/bmorales/simulacion-routing/node_modules/@next/swc-darwin-arm64'
94 silly reify ]
95 verbose reify failed optional dependency /home/bmorales/simulacion-routing/node_modules/@img/sharp-win32-x64
96 silly reify mark deleted [
96 silly reify   '/home/bmorales/simulacion-routing/node_modules/@img/sharp-win32-x64'
96 silly reify ]
97 verbose reify failed optional dependency /home/bmorales/simulacion-routing/node_modules/@img/sharp-win32-ia32
98 silly reify mark deleted [
98 silly reify   '/home/bmorales/simulacion-routing/node_modules/@img/sharp-win32-ia32'
98 silly reify ]
99 verbose reify failed optional dependency /home/bmorales/simulacion-routing/node_modules/@img/sharp-win32-arm64
100 silly reify mark deleted [
100 silly reify   '/home/bmorales/simulacion-routing/node_modules/@img/sharp-win32-arm64'
100 silly reify ]
101 verbose reify failed optional dependency /home/bmorales/simulacion-routing/node_modules/@img/sharp-wasm32
102 silly reify mark deleted [ '/home/bmorales/simulacion-routing/node_modules/@img/sharp-wasm32' ]
103 verbose reify failed optional dependency /home/bmorales/simulacion-routing/node_modules/@img/sharp-linuxmusl-arm64
104 silly reify mark deleted [
104 silly reify   '/home/bmorales/simulacion-routing/node_modules/@img/sharp-linuxmusl-arm64'
104 silly reify ]
105 verbose reify failed optional dependency /home/bmorales/simulacion-routing/node_modules/@img/sharp-linux-s390x
106 silly reify mark deleted [
106 silly reify   '/home/bmorales/simulacion-routing/node_modules/@img/sharp-linux-s390x'
106 silly reify ]
107 verbose reify failed optional dependency /home/bmorales/simulacion-routing/node_modules/@img/sharp-linux-arm64
108 silly reify mark deleted [
108 silly reify   '/home/bmorales/simulacion-routing/node_modules/@img/sharp-linux-arm64'
108 silly reify ]
109 verbose reify failed optional dependency /home/bmorales/simulacion-routing/node_modules/@img/sharp-linux-arm
110 silly reify mark deleted [
110 silly reify   '/home/bmorales/simulacion-routing/node_modules/@img/sharp-linux-arm'
110 silly reify ]
111 verbose reify failed optional dependency /home/bmorales/simulacion-routing/node_modules/@img/sharp-libvips-linuxmusl-arm64
112 silly reify mark deleted [
112 silly reify   '/home/bmorales/simulacion-routing/node_modules/@img/sharp-libvips-linuxmusl-arm64'
112 silly reify ]
113 verbose reify failed optional dependency /home/bmorales/simulacion-routing/node_modules/@img/sharp-libvips-linux-s390x
114 silly reify mark deleted [
114 silly reify   '/home/bmorales/simulacion-routing/node_modules/@img/sharp-libvips-linux-s390x'
114 silly reify ]
115 verbose reify failed optional dependency /home/bmorales/simulacion-routing/node_modules/@img/sharp-libvips-linux-ppc64
116 silly reify mark deleted [
116 silly reify   '/home/bmorales/simulacion-routing/node_modules/@img/sharp-libvips-linux-ppc64'
116 silly reify ]
117 verbose reify failed optional dependency /home/bmorales/simulacion-routing/node_modules/@img/sharp-libvips-linux-arm64
118 silly reify mark deleted [
118 silly reify   '/home/bmorales/simulacion-routing/node_modules/@img/sharp-libvips-linux-arm64'
118 silly reify ]
119 verbose reify failed optional dependency /home/bmorales/simulacion-routing/node_modules/@img/sharp-libvips-linux-arm
120 silly reify mark deleted [
120 silly reify   '/home/bmorales/simulacion-routing/node_modules/@img/sharp-libvips-linux-arm'
120 silly reify ]
121 verbose reify failed optional dependency /home/bmorales/simulacion-routing/node_modules/@img/sharp-libvips-darwin-x64
122 silly reify mark deleted [
122 silly reify   '/home/bmorales/simulacion-routing/node_modules/@img/sharp-libvips-darwin-x64'
122 silly reify ]
123 verbose reify failed optional dependency /home/bmorales/simulacion-routing/node_modules/@img/sharp-libvips-darwin-arm64
124 silly reify mark deleted [
124 silly reify   '/home/bmorales/simulacion-routing/node_modules/@img/sharp-libvips-darwin-arm64'
124 silly reify ]
125 verbose reify failed optional dependency /home/bmorales/simulacion-routing/node_modules/@img/sharp-darwin-x64
126 silly reify mark deleted [
126 silly reify   '/home/bmorales/simulacion-routing/node_modules/@img/sharp-darwin-x64'
126 silly reify ]
127 verbose reify failed optional dependency /home/bmorales/simulacion-routing/node_modules/@img/sharp-darwin-arm64
128 silly reify mark deleted [
128 silly reify   '/home/bmorales/simulacion-routing/node_modules/@img/sharp-darwin-arm64'
128 silly reify ]
129 http fetch POST 200 https://registry.npmjs.org/-/npm/v1/security/advisories/bulk 8214ms
130 silly audit report {
130 silly audit report   '@eslint/plugin-kit': [
130 silly audit report     {
130 silly audit report       id: 1106487,
130 silly audit report       url: 'https://github.com/advisories/GHSA-xffm-g5w8-qvg7',
130 silly audit report       title: '@eslint/plugin-kit is vulnerable to Regular Expression Denial of Service attacks through ConfigCommentParser',
130 silly audit report       severity: 'high',
130 silly audit report       vulnerable_versions: '<0.3.3',
130 silly audit report       cwe: [Array],
130 silly audit report       cvss: [Object]
130 silly audit report     }
130 silly audit report   ],
130 silly audit report   'brace-expansion': [
130 silly audit report     {
130 silly audit report       id: 1105443,
130 silly audit report       url: 'https://github.com/advisories/GHSA-v6h2-p8h4-qcjw',
130 silly audit report       title: 'brace-expansion Regular Expression Denial of Service vulnerability',
130 silly audit report       severity: 'low',
130 silly audit report       vulnerable_versions: '>=1.0.0 <=1.1.11',
130 silly audit report       cwe: [Array],
130 silly audit report       cvss: [Object]
130 silly audit report     },
130 silly audit report     {
130 silly audit report       id: 1105444,
130 silly audit report       url: 'https://github.com/advisories/GHSA-v6h2-p8h4-qcjw',
130 silly audit report       title: 'brace-expansion Regular Expression Denial of Service vulnerability',
130 silly audit report       severity: 'low',
130 silly audit report       vulnerable_versions: '>=2.0.0 <=2.0.1',
130 silly audit report       cwe: [Array],
130 silly audit report       cvss: [Object]
130 silly audit report     }
130 silly audit report   ],
130 silly audit report   next: [
130 silly audit report     {
130 silly audit report       id: 1105949,
130 silly audit report       url: 'https://github.com/advisories/GHSA-r2fc-ccr8-96c4',
130 silly audit report       title: 'Next.js has a Cache poisoning vulnerability due to omission of the Vary header',
130 silly audit report       severity: 'low',
130 silly audit report       vulnerable_versions: '>=15.3.0 <15.3.3',
130 silly audit report       cwe: [Array],
130 silly audit report       cvss: [Object]
130 silly audit report     }
130 silly audit report   ]
130 silly audit report }
131 silly packumentCache corgi:https://registry.npmjs.org/@eslint%2fplugin-kit cache-miss
132 silly packumentCache corgi:https://registry.npmjs.org/brace-expansion cache-miss
133 silly packumentCache corgi:https://registry.npmjs.org/next cache-miss
134 http fetch GET 200 https://registry.npmjs.org/next 1248ms (cache revalidated)
135 silly packumentCache corgi:https://registry.npmjs.org/next set size:20879317 disposed:false
136 http fetch GET 200 https://registry.npmjs.org/brace-expansion 2075ms (cache revalidated)
137 silly packumentCache corgi:https://registry.npmjs.org/brace-expansion set size:16192 disposed:false
138 http fetch GET 200 https://registry.npmjs.org/@eslint%2fplugin-kit 2079ms (cache revalidated)
139 silly packumentCache corgi:https://registry.npmjs.org/@eslint%2fplugin-kit set size:12965 disposed:false
140 silly packumentCache corgi:https://registry.npmjs.org/eslint cache-miss
141 http fetch GET 200 https://registry.npmjs.org/eslint 250ms (cache revalidated)
142 silly packumentCache corgi:https://registry.npmjs.org/eslint set size:1076470 disposed:false
143 silly packumentCache corgi:https://registry.npmjs.org/minimatch cache-miss
144 http fetch GET 200 https://registry.npmjs.org/minimatch 149ms (cache revalidated)
145 silly packumentCache corgi:https://registry.npmjs.org/minimatch set size:143741 disposed:false
146 info run sharp@0.34.2 install node_modules/sharp node install/check
147 info run sharp@0.34.2 install { code: 0, signal: null }
148 info run @tailwindcss/oxide@4.1.8 postinstall node_modules/@tailwindcss/oxide node ./scripts/install.js
149 info run @tailwindcss/oxide@4.1.8 postinstall { code: 0, signal: null }
150 info run unrs-resolver@1.7.6 postinstall node_modules/unrs-resolver napi-postinstall unrs-resolver 1.7.6 check
151 info run unrs-resolver@1.7.6 postinstall { code: 0, signal: null }
152 silly ADD node_modules/yocto-queue
153 silly ADD node_modules/yallist
154 silly ADD node_modules/word-wrap
155 silly ADD node_modules/which-typed-array
156 silly ADD node_modules/which-collection
157 silly ADD node_modules/which-builtin-type
158 silly ADD node_modules/which-boxed-primitive
159 silly ADD node_modules/which
160 silly ADD node_modules/websocket-extensions
161 silly ADD node_modules/websocket-driver
162 silly ADD node_modules/url-parse
163 silly ADD node_modules/uri-js
164 silly ADD node_modules/unrs-resolver
165 silly ADD node_modules/undici-types
166 silly ADD node_modules/unbox-primitive
167 silly ADD node_modules/typescript
168 silly ADD node_modules/typed-array-length
169 silly ADD node_modules/typed-array-byte-offset
170 silly ADD node_modules/typed-array-byte-length
171 silly ADD node_modules/typed-array-buffer
172 silly ADD node_modules/type-check
173 silly ADD node_modules/tslib
174 silly ADD node_modules/tsconfig-paths
175 silly ADD node_modules/ts-api-utils
176 silly ADD node_modules/to-regex-range
177 silly ADD node_modules/tinyglobby
178 silly ADD node_modules/tinyglobby/node_modules/picomatch
179 silly ADD node_modules/tinyglobby/node_modules/fdir
180 silly ADD node_modules/tar
181 silly ADD node_modules/tapable
182 silly ADD node_modules/tailwindcss
183 silly ADD node_modules/supports-preserve-symlinks-flag
184 silly ADD node_modules/supports-color
185 silly ADD node_modules/styled-jsx
186 silly ADD node_modules/strip-json-comments
187 silly ADD node_modules/strip-bom
188 silly ADD node_modules/string.prototype.trimstart
189 silly ADD node_modules/string.prototype.trimend
190 silly ADD node_modules/string.prototype.trim
191 silly ADD node_modules/string.prototype.repeat
192 silly ADD node_modules/string.prototype.matchall
193 silly ADD node_modules/string.prototype.includes
194 silly ADD node_modules/streamsearch
195 silly ADD node_modules/stable-hash
196 silly ADD node_modules/source-map-js
197 silly ADD node_modules/sockjs-client
198 silly ADD node_modules/sockjs-client/node_modules/debug
199 silly ADD node_modules/simple-swizzle
200 silly ADD node_modules/side-channel-weakmap
201 silly ADD node_modules/side-channel-map
202 silly ADD node_modules/side-channel-list
203 silly ADD node_modules/side-channel
204 silly ADD node_modules/shebang-regex
205 silly ADD node_modules/shebang-command
206 silly ADD node_modules/sharp
207 silly ADD node_modules/set-proto
208 silly ADD node_modules/set-function-name
209 silly ADD node_modules/set-function-length
210 silly ADD node_modules/semver
211 silly ADD node_modules/scheduler
212 silly ADD node_modules/safe-regex-test
213 silly ADD node_modules/safe-push-apply
214 silly ADD node_modules/safe-buffer
215 silly ADD node_modules/safe-array-concat
216 silly ADD node_modules/run-parallel
217 silly ADD node_modules/reusify
218 silly ADD node_modules/resolve-pkg-maps
219 silly ADD node_modules/resolve-from
220 silly ADD node_modules/resolve
221 silly ADD node_modules/requires-port
222 silly ADD node_modules/regexp.prototype.flags
223 silly ADD node_modules/reflect.getprototypeof
224 silly ADD node_modules/react-is
225 silly ADD node_modules/react-icons
226 silly ADD node_modules/react-dom
227 silly ADD node_modules/react
228 silly ADD node_modules/queue-microtask
229 silly ADD node_modules/querystringify
230 silly ADD node_modules/punycode
231 silly ADD node_modules/proxy-from-env
232 silly ADD node_modules/prop-types
233 silly ADD node_modules/prelude-ls
234 silly ADD node_modules/postcss
235 silly ADD node_modules/possible-typed-array-names
236 silly ADD node_modules/picomatch
237 silly ADD node_modules/picocolors
238 silly ADD node_modules/path-parse
239 silly ADD node_modules/path-key
240 silly ADD node_modules/path-exists
241 silly ADD node_modules/parent-module
242 silly ADD node_modules/p-locate
243 silly ADD node_modules/p-limit
244 silly ADD node_modules/own-keys
245 silly ADD node_modules/optionator
246 silly ADD node_modules/object.values
247 silly ADD node_modules/object.groupby
248 silly ADD node_modules/object.fromentries
249 silly ADD node_modules/object.entries
250 silly ADD node_modules/object.assign
251 silly ADD node_modules/object-keys
252 silly ADD node_modules/object-inspect
253 silly ADD node_modules/object-assign
254 silly ADD node_modules/next
255 silly ADD node_modules/next/node_modules/postcss
256 silly ADD node_modules/natural-compare
257 silly ADD node_modules/napi-postinstall
258 silly ADD node_modules/nanoid
259 silly ADD node_modules/ms
260 silly ADD node_modules/mkdirp
261 silly ADD node_modules/minizlib
262 silly ADD node_modules/minipass
263 silly ADD node_modules/minimist
264 silly ADD node_modules/minimatch
265 silly ADD node_modules/mime-types
266 silly ADD node_modules/mime-db
267 silly ADD node_modules/micromatch
268 silly ADD node_modules/merge2
269 silly ADD node_modules/math-intrinsics
270 silly ADD node_modules/magic-string
271 silly ADD node_modules/loose-envify
272 silly ADD node_modules/lodash.merge
273 silly ADD node_modules/locate-path
274 silly ADD
275 silly ADD
276 silly ADD node_modules/lightningcss-linux-x64-musl
277 silly ADD node_modules/lightningcss-linux-x64-gnu
278 silly ADD
279 silly ADD
280 silly ADD
281 silly ADD
282 silly ADD
283 silly ADD
284 silly ADD node_modules/lightningcss
285 silly ADD node_modules/levn
286 silly ADD node_modules/language-tags
287 silly ADD node_modules/language-subtag-registry
288 silly ADD node_modules/keyv
289 silly ADD node_modules/jsx-ast-utils
290 silly ADD node_modules/json5
291 silly ADD node_modules/json-stable-stringify-without-jsonify
292 silly ADD node_modules/json-schema-traverse
293 silly ADD node_modules/json-buffer
294 silly ADD node_modules/js-yaml
295 silly ADD node_modules/js-tokens
296 silly ADD node_modules/jiti
297 silly ADD node_modules/iterator.prototype
298 silly ADD node_modules/isexe
299 silly ADD node_modules/isarray
300 silly ADD node_modules/is-weakset
301 silly ADD node_modules/is-weakref
302 silly ADD node_modules/is-weakmap
303 silly ADD node_modules/is-typed-array
304 silly ADD node_modules/is-symbol
305 silly ADD node_modules/is-string
306 silly ADD node_modules/is-shared-array-buffer
307 silly ADD node_modules/is-set
308 silly ADD node_modules/is-regex
309 silly ADD node_modules/is-number-object
310 silly ADD node_modules/is-number
311 silly ADD node_modules/is-map
312 silly ADD node_modules/is-glob
313 silly ADD node_modules/is-generator-function
314 silly ADD node_modules/is-finalizationregistry
315 silly ADD node_modules/is-extglob
316 silly ADD node_modules/is-date-object
317 silly ADD node_modules/is-data-view
318 silly ADD node_modules/is-core-module
319 silly ADD node_modules/is-callable
320 silly ADD node_modules/is-bun-module
321 silly ADD node_modules/is-boolean-object
322 silly ADD node_modules/is-bigint
323 silly ADD node_modules/is-async-function
324 silly ADD node_modules/is-arrayish
325 silly ADD node_modules/is-array-buffer
326 silly ADD node_modules/internal-slot
327 silly ADD node_modules/inherits
328 silly ADD node_modules/imurmurhash
329 silly ADD node_modules/import-fresh
330 silly ADD node_modules/ignore
331 silly ADD node_modules/http-parser-js
332 silly ADD node_modules/hasown
333 silly ADD node_modules/has-tostringtag
334 silly ADD node_modules/has-symbols
335 silly ADD node_modules/has-proto
336 silly ADD node_modules/has-property-descriptors
337 silly ADD node_modules/has-flag
338 silly ADD node_modules/has-bigints
339 silly ADD node_modules/graphemer
340 silly ADD node_modules/graceful-fs
341 silly ADD node_modules/gopd
342 silly ADD node_modules/globalthis
343 silly ADD node_modules/globals
344 silly ADD node_modules/glob-parent
345 silly ADD node_modules/get-tsconfig
346 silly ADD node_modules/get-symbol-description
347 silly ADD node_modules/get-proto
348 silly ADD node_modules/get-intrinsic
349 silly ADD node_modules/functions-have-names
350 silly ADD node_modules/function.prototype.name
351 silly ADD node_modules/function-bind
352 silly ADD node_modules/form-data
353 silly ADD node_modules/for-each
354 silly ADD node_modules/follow-redirects
355 silly ADD node_modules/flatted
356 silly ADD node_modules/flat-cache
357 silly ADD node_modules/find-up
358 silly ADD node_modules/fill-range
359 silly ADD node_modules/file-entry-cache
360 silly ADD node_modules/faye-websocket
361 silly ADD node_modules/fastq
362 silly ADD node_modules/fast-levenshtein
363 silly ADD node_modules/fast-json-stable-stringify
364 silly ADD node_modules/fast-glob
365 silly ADD node_modules/fast-glob/node_modules/glob-parent
366 silly ADD node_modules/fast-deep-equal
367 silly ADD node_modules/eventsource
368 silly ADD node_modules/esutils
369 silly ADD node_modules/estraverse
370 silly ADD node_modules/esrecurse
371 silly ADD node_modules/esquery
372 silly ADD node_modules/espree
373 silly ADD node_modules/eslint-visitor-keys
374 silly ADD node_modules/eslint-scope
375 silly ADD node_modules/eslint-plugin-react-hooks
376 silly ADD node_modules/eslint-plugin-react
377 silly ADD node_modules/eslint-plugin-react/node_modules/semver
378 silly ADD node_modules/eslint-plugin-react/node_modules/resolve
379 silly ADD node_modules/eslint-plugin-jsx-a11y
380 silly ADD node_modules/eslint-plugin-import
381 silly ADD node_modules/eslint-plugin-import/node_modules/semver
382 silly ADD node_modules/eslint-plugin-import/node_modules/debug
383 silly ADD node_modules/eslint-module-utils
384 silly ADD node_modules/eslint-module-utils/node_modules/debug
385 silly ADD node_modules/eslint-import-resolver-typescript
386 silly ADD node_modules/eslint-import-resolver-node
387 silly ADD node_modules/eslint-import-resolver-node/node_modules/debug
388 silly ADD node_modules/eslint-config-next
389 silly ADD node_modules/eslint
390 silly ADD node_modules/escape-string-regexp
391 silly ADD node_modules/es-to-primitive
392 silly ADD node_modules/es-shim-unscopables
393 silly ADD node_modules/es-set-tostringtag
394 silly ADD node_modules/es-object-atoms
395 silly ADD node_modules/es-iterator-helpers
396 silly ADD node_modules/es-errors
397 silly ADD node_modules/es-define-property
398 silly ADD node_modules/es-abstract
399 silly ADD node_modules/enhanced-resolve
400 silly ADD node_modules/emoji-regex
401 silly ADD node_modules/dunder-proto
402 silly ADD node_modules/doctrine
403 silly ADD node_modules/detect-libc
404 silly ADD node_modules/delayed-stream
405 silly ADD node_modules/define-properties
406 silly ADD node_modules/define-data-property
407 silly ADD node_modules/deep-is
408 silly ADD node_modules/debug
409 silly ADD node_modules/data-view-byte-offset
410 silly ADD node_modules/data-view-byte-length
411 silly ADD node_modules/data-view-buffer
412 silly ADD node_modules/damerau-levenshtein
413 silly ADD node_modules/csstype
414 silly ADD node_modules/cross-spawn
415 silly ADD node_modules/concat-map
416 silly ADD node_modules/combined-stream
417 silly ADD node_modules/color-string
418 silly ADD node_modules/color-name
419 silly ADD node_modules/color-convert
420 silly ADD node_modules/color
421 silly ADD node_modules/client-only
422 silly ADD node_modules/chownr
423 silly ADD node_modules/chalk
424 silly ADD node_modules/caniuse-lite
425 silly ADD node_modules/callsites
426 silly ADD node_modules/call-bound
427 silly ADD node_modules/call-bind-apply-helpers
428 silly ADD node_modules/call-bind
429 silly ADD node_modules/busboy
430 silly ADD node_modules/braces
431 silly ADD node_modules/brace-expansion
432 silly ADD node_modules/balanced-match
433 silly ADD node_modules/axobject-query
434 silly ADD node_modules/axios
435 silly ADD node_modules/axe-core
436 silly ADD node_modules/available-typed-arrays
437 silly ADD node_modules/asynckit
438 silly ADD node_modules/async-function
439 silly ADD node_modules/ast-types-flow
440 silly ADD node_modules/arraybuffer.prototype.slice
441 silly ADD node_modules/array.prototype.tosorted
442 silly ADD node_modules/array.prototype.flatmap
443 silly ADD node_modules/array.prototype.flat
444 silly ADD node_modules/array.prototype.findlastindex
445 silly ADD node_modules/array.prototype.findlast
446 silly ADD node_modules/array-includes
447 silly ADD node_modules/array-buffer-byte-length
448 silly ADD node_modules/aria-query
449 silly ADD node_modules/argparse
450 silly ADD node_modules/ansi-styles
451 silly ADD node_modules/ajv
452 silly ADD node_modules/acorn-jsx
453 silly ADD node_modules/acorn
454 silly ADD
455 silly ADD
456 silly ADD
457 silly ADD
458 silly ADD node_modules/@unrs/resolver-binding-linux-x64-musl
459 silly ADD node_modules/@unrs/resolver-binding-linux-x64-gnu
460 silly ADD
461 silly ADD
462 silly ADD
463 silly ADD
464 silly ADD
465 silly ADD
466 silly ADD
467 silly ADD
468 silly ADD
469 silly ADD
470 silly ADD
471 silly ADD node_modules/@typescript-eslint/visitor-keys
472 silly ADD node_modules/@typescript-eslint/utils
473 silly ADD node_modules/@typescript-eslint/typescript-estree
474 silly ADD node_modules/@typescript-eslint/typescript-estree/node_modules/minimatch
475 silly ADD node_modules/@typescript-eslint/typescript-estree/node_modules/glob-parent
476 silly ADD node_modules/@typescript-eslint/typescript-estree/node_modules/fast-glob
477 silly ADD node_modules/@typescript-eslint/typescript-estree/node_modules/brace-expansion
478 silly ADD node_modules/@typescript-eslint/types
479 silly ADD node_modules/@typescript-eslint/type-utils
480 silly ADD node_modules/@typescript-eslint/tsconfig-utils
481 silly ADD node_modules/@typescript-eslint/scope-manager
482 silly ADD node_modules/@typescript-eslint/project-service
483 silly ADD node_modules/@typescript-eslint/parser
484 silly ADD node_modules/@typescript-eslint/eslint-plugin
485 silly ADD node_modules/@typescript-eslint/eslint-plugin/node_modules/ignore
486 silly ADD node_modules/@types/sockjs-client
487 silly ADD node_modules/@types/react-dom
488 silly ADD node_modules/@types/react
489 silly ADD node_modules/@types/node
490 silly ADD node_modules/@types/json5
491 silly ADD node_modules/@types/json-schema
492 silly ADD node_modules/@types/estree
493 silly ADD node_modules/@tybys/wasm-util
494 silly ADD node_modules/@tailwindcss/postcss
495 silly ADD
496 silly ADD
497 silly ADD
498 silly ADD node_modules/@tailwindcss/oxide-linux-x64-musl
499 silly ADD node_modules/@tailwindcss/oxide-linux-x64-gnu
500 silly ADD
501 silly ADD
502 silly ADD
503 silly ADD
504 silly ADD
505 silly ADD
506 silly ADD
507 silly ADD node_modules/@tailwindcss/oxide
508 silly ADD node_modules/@tailwindcss/node
509 silly ADD node_modules/@swc/helpers
510 silly ADD node_modules/@swc/counter
511 silly ADD node_modules/@stomp/stompjs
512 silly ADD node_modules/@rushstack/eslint-patch
513 silly ADD node_modules/@rtsao/scc
514 silly ADD node_modules/@nolyfill/is-core-module
515 silly ADD node_modules/@nodelib/fs.walk
516 silly ADD node_modules/@nodelib/fs.stat
517 silly ADD node_modules/@nodelib/fs.scandir
518 silly ADD
519 silly ADD
520 silly ADD node_modules/@next/swc-linux-x64-musl
521 silly ADD node_modules/@next/swc-linux-x64-gnu
522 silly ADD
523 silly ADD
524 silly ADD
525 silly ADD
526 silly ADD node_modules/@next/eslint-plugin-next
527 silly ADD node_modules/@next/env
528 silly ADD node_modules/@napi-rs/wasm-runtime
529 silly ADD node_modules/@jridgewell/trace-mapping
530 silly ADD node_modules/@jridgewell/sourcemap-codec
531 silly ADD node_modules/@jridgewell/set-array
532 silly ADD node_modules/@jridgewell/resolve-uri
533 silly ADD node_modules/@jridgewell/gen-mapping
534 silly ADD node_modules/@isaacs/fs-minipass
535 silly ADD
536 silly ADD
537 silly ADD
538 silly ADD
539 silly ADD node_modules/@img/sharp-linuxmusl-x64
540 silly ADD
541 silly ADD node_modules/@img/sharp-linux-x64
542 silly ADD
543 silly ADD
544 silly ADD
545 silly ADD node_modules/@img/sharp-libvips-linuxmusl-x64
546 silly ADD
547 silly ADD node_modules/@img/sharp-libvips-linux-x64
548 silly ADD
549 silly ADD
550 silly ADD
551 silly ADD
552 silly ADD
553 silly ADD
554 silly ADD
555 silly ADD
556 silly ADD node_modules/@humanwhocodes/retry
557 silly ADD node_modules/@humanwhocodes/module-importer
558 silly ADD node_modules/@humanfs/node
559 silly ADD node_modules/@humanfs/node/node_modules/@humanwhocodes/retry
560 silly ADD node_modules/@humanfs/core
561 silly ADD node_modules/@eslint/plugin-kit
562 silly ADD node_modules/@eslint/object-schema
563 silly ADD node_modules/@eslint/js
564 silly ADD node_modules/@eslint/eslintrc
565 silly ADD node_modules/@eslint/core
566 silly ADD node_modules/@eslint/config-helpers
567 silly ADD node_modules/@eslint/config-array
568 silly ADD node_modules/@eslint-community/regexpp
569 silly ADD node_modules/@eslint-community/eslint-utils
570 silly ADD node_modules/@eslint-community/eslint-utils/node_modules/eslint-visitor-keys
571 silly ADD node_modules/@emnapi/wasi-threads
572 silly ADD node_modules/@emnapi/runtime
573 silly ADD node_modules/@emnapi/core
574 silly ADD node_modules/@ampproject/remapping
575 silly ADD node_modules/@alloc/quick-lru
576 verbose cwd /home/bmorales/simulacion-routing
577 verbose os Linux 6.8.0-49-generic
578 verbose node v20.19.2
579 verbose npm  v10.8.2
580 verbose exit 0
581 info ok
